
> @gondola-librery-front/source@0.0.0 build:lib:v16
> nx build shared-ui-components-v16


> nx run shared-ui-components-v16:build

[34mBuilding Angular Package[39m
[37m[39m
[37m------------------------------------------------------------------------------[39m
[37mBuilding entry point '@gondola-librery-front/shared-ui-components-v16'[39m
[37m------------------------------------------------------------------------------[39m
- Compiling with Angular sources in full compilation mode.
[32m✔[39m Compiling with Angular sources in full compilation mode.
- Copying assets
[32m✔[39m Copying assets
- Writing package manifest
[33m⚠[39m [33mDistributing npm packages with 'dependencies' is not recommended. Please consider adding primeng-v16 to 'peerDependencies' or remove it from 'dependencies'.[39m
[31m✖[39m Writing package manifest
[0m[7m[1m[31m NX [39m[22m[27m[0m  [31mDependency primeng-v16 must be explicitly allowed using the "allowedNonPeerDependencies" option.[39m
Pass --verbose to see the stacktrace.



 NX   Running target build for project shared-ui-components-v16 failed

Failed tasks:

- shared-ui-components-v16:build

Hint: run the command with --verbose for more details.

